// Jest Snapshot v1, https://goo.gl/fbAQLP

exports[`Login Form renders correctly 1`] = `
<form
  action="/login"
  data-testid="submit-form"
  method="post"
  onSubmit={[Function]}
>
  <ul>
    <li>
      <label>
         Username 
      </label>
    </li>
    <li
      className="input-field login-initial"
    >
      <span>
        <span />
      </span>
      <input
        data-testid="userField"
        id="userName"
        onChange={[Function]}
        type="text"
      />
    </li>
    <li>
      <label>
         Password 
      </label>
    </li>
    <li
      className="input-field login-initial"
    >
      <span>
        <span />
      </span>
      <input
        data-testid="passwordField"
        id="password"
        onChange={[Function]}
        type="password"
      />
      <span>
        <span />
      </span>
    </li>
    <li
      className="forget-password-link"
    >
      <h5>
        Forgot password?
      </h5>
    </li>
    <li>
      <p
        className="feedback"
        data-testid="feedback-test"
      />
    </li>
    <li>
      <button
        data-testid="submit-btn"
        type="submit"
      >
        Sign In
      </button>
    </li>
  </ul>
</form>
`;
